Test Here. 

E:\Study\Git>git blame
usage: git blame [<options>] [<rev-opts>] [<rev>] [--] <file>

    <rev-opts> are documented in git-rev-list(1)

    --[no-]incremental    show blame entries as we find them, incrementally
    -b                    do not show object names of boundary commits (Default: off)
    --[no-]root           do not treat root commits as boundaries (Default: off)
    --[no-]show-stats     show work cost statistics
    --[no-]progress       force progress reporting
    --[no-]score-debug    show output score for blame entries
    -f, --[no-]show-name  show original filename (Default: auto)
    -n, --[no-]show-number
                          show original linenumber (Default: off)
    -p, --[no-]porcelain  show in a format designed for machine consumption
    --[no-]line-porcelain show porcelain format with per-line commit information
    -c                    use the same output mode as git-annotate (Default: off)
    -t                    show raw timestamp (Default: off)
    -l                    show long commit SHA1 (Default: off)
    -s                    suppress author name and timestamp (Default: off)
    -e, --[no-]show-email show author email instead of name (Default: off)
    -w                    ignore whitespace differences
    --[no-]ignore-rev <rev>
                          ignore <rev> when blaming
    --[no-]ignore-revs-file <file>
                          ignore revisions from <file>
    --[no-]color-lines    color redundant metadata from previous line differently
    --[no-]color-by-age   color lines by age
    --[no-]minimal        spend extra cycles to find better match
    -S <file>             use revisions from <file> instead of calling git-rev-list
    --[no-]contents <file>
                          use <file>'s contents as the final image
    -C[<score>]           find line copies within and across files
    -M[<score>]           find line movements within and across files
    -L <range>            process only line range <start>,<end> or function :<funcname>
    --[no-]abbrev[=<n>]   use <n> digits to display object names


E:\Study\Git>git remote add origin https://github.com/352ismail/ismailsblog.git

E:\Study\Git>git remote add origin https://github.com/352ismail/ismailsblog.git
error: remote origin already exists.

E:\Study\Git>git status
On branch master
nothing to commit, working tree clean

E:\Study\Git>git braches
git: 'braches' is not a git command. See 'git --help'.

E:\Study\Git>git branch
* master

E:\Study\Git>git checkout -b TestBranch
Switched to a new branch 'TestBranch'

E:\Study\Git>git branch
* TestBranch
  master

E:\Study\Git>git branch
* TestBranch
  master

E:\Study\Git>git status
On branch TestBranch
nothing to commit, working tree clean